---
source: tests/ninja_snapshot_tests.rs
expression: ninja_content
---
rule d3cc8be04150cb4e2d9ccbdbe94cf9f2e8ade54bb4701b8faf99cafeb456a75d
  command = python3 -c 'import os,sys; open(sys.argv[1],"a").close()' $out

build out/a: d3cc8be04150cb4e2d9ccbdbe94cf9f2e8ade54bb4701b8faf99cafeb456a75d in/a
