---
source: tests/ninja_snapshot_tests.rs
assertion_line: 50
expression: ninja_content
---
rule edca4a86968d45d5dd7b150cb9f29adaec9345fe416a5cdbecb08dd15259e605
  command = python3 -c 'import os,sys; [open(a,"a").close() for a in sys.argv[1:]]' $out

build out/a: edca4a86968d45d5dd7b150cb9f29adaec9345fe416a5cdbecb08dd15259e605 in/a
