---
source: src/cli/discovery_tests.rs
expression: normalized
---
message=read config path variable var_name="NETSUKE_CONFIG" found=true path_hash="[path_hash]" path_file_name=Some("selector.toml")
message=resolved config path selector="NETSUKE_CONFIG" path_hash="[path_hash]" path_file_name=Some("selector.toml") path_present=true
