---
source: src/runner/help_tests.rs
expression: rendered
---
Actions:
  lint          Run rustdoc, Clippy, and Whitaker [★ default]
  test          Run unit, behavioural, UI, and documentation tests [★ default] [◇ conditional]
  undocumented

Targets:
  target/release/catnap  Build the optimized release binary
  plain
